123
'abc
"a b c"
""
['a]
[1 2 3]
['a 'b 'c 1 2 3 "a b c"]
123
'abc
"a b c"
""
['a]
[1 2 3]
['a 'b 'c 1 2 3 "a b c"]
['a 'b 'c]
['@tael 'a 'b 'c]
['@set 'a 'b 'c]
['@quote 'a]
['@quasiquote 'a]
[['@quasiquote ['a]]]
[['@quasiquote
  ['a ['@unquote 'x] 'b]]]
