(lambda (x) x)
(lambda (f x) (f x))
((lambda (f x) (f x)) (lambda (x) x))
(lambda (x) x)
(lambda (x) (cons x (@quote (a b c))))
(lambda (x) (@quasiquote (a b c (@unquote x))))
