(lambda (x) x)
(lambda (f x) (f x))
((lambda (f x) (f x)) (lambda (x) x))
(lambda (x) x)
(lambda (x) (cons x '(a b c)))
(lambda (x) `(a b c ,x))
