1
(the (-> int? int?) (iadd 1))
(the (-> int? int?) (iadd 1))
"lazy 1"
(the (-> int? int?) (iadd 1))
"lazy 1"
"lazy 2"
