(@pattern x)
(@pattern _)
(@pattern [a b c :x x :y y])
(@pattern [a b c :x x :y y :z z])
(@pattern 1)
(@pattern "a")
(@pattern #void)
(@pattern #null)
(@pattern 'a)
(@pattern (@escape ['a 'b 'c]))
(@pattern (cons* head tail))
(@pattern
  (cons* first second tail))
(@pattern (cons* first 2 tail))
(@pattern (cons* first 3 tail))
(@pattern #null)
(@pattern [first 2 3])
(@pattern [first 3 3])
(@pattern [x x])
